GENERATED_URL: https://c0239ec19f4a67091c337d8489b1a62f.r2.cloudflarestorage.com/bmkg/permohonan/sewa-alat/69a69b8a38241_1772526474.jpg?X-Amz-Content-Sha256=UNSIGNED-PAYLOAD&X-Amz-Algorithm=AWS4-HMAC-SHA256&X-Amz-Credential=5259328fcfe520430b313e0d6473a329%2F20260303%2Fauto%2Fs3%2Faws4_request&X-Amz-Date=20260303T084049Z&X-Amz-SignedHeaders=host&X-Amz-Expires=3600&X-Amz-Signature=aea965dae59ba6ac46e562a3f81bc3a09a77b3e636078fdd2c2b2f49ca24213f
